[ +175 ms] Artifact Instance of 'AndroidGenSnapshotArtifacts' is not required, skipping update.
[        ] Artifact Instance of 'AndroidInternalBuildArtifacts' is not required, skipping update.
[        ] Artifact Instance of 'IOSEngineArtifacts' is not required, skipping update.
[        ] Artifact Instance of 'FlutterWebSdk' is not required, skipping update.
[        ] Artifact Instance of 'LegacyCanvasKitRemover' is not required, skipping update.
[   +4 ms] Artifact Instance of 'WindowsEngineArtifacts' is not required, skipping update.
[        ] Artifact Instance of 'MacOSEngineArtifacts' is not required, skipping update.
[        ] Artifact Instance of 'LinuxEngineArtifacts' is not required, skipping update.
[        ] Artifact Instance of 'LinuxFuchsiaSDKArtifacts' is not required, skipping update.
[        ] Artifact Instance of 'MacOSFuchsiaSDKArtifacts' is not required, skipping update.
[        ] Artifact Instance of 'FlutterRunnerSDKArtifacts' is not required, skipping update.
[        ] Artifact Instance of 'FlutterRunnerDebugSymbols' is not required, skipping update.
[  +84 ms] Artifact Instance of 'AndroidGenSnapshotArtifacts' is not required, skipping update.
[        ] Artifact Instance of 'AndroidInternalBuildArtifacts' is not required, skipping update.
[        ] Artifact Instance of 'IOSEngineArtifacts' is not required, skipping update.
[        ] Artifact Instance of 'FlutterWebSdk' is not required, skipping update.
[        ] Artifact Instance of 'LegacyCanvasKitRemover' is not required, skipping update.
[   +3 ms] Artifact Instance of 'MacOSEngineArtifacts' is not required, skipping update.
[        ] Artifact Instance of 'LinuxEngineArtifacts' is not required, skipping update.
[        ] Artifact Instance of 'LinuxFuchsiaSDKArtifacts' is not required, skipping update.
[        ] Artifact Instance of 'MacOSFuchsiaSDKArtifacts' is not required, skipping update.
[        ] Artifact Instance of 'FlutterRunnerSDKArtifacts' is not required, skipping update.
[        ] Artifact Instance of 'FlutterRunnerDebugSymbols' is not required, skipping update.
[ +102 ms] Skipping pub get: version match.
[ +117 ms] Found plugin flutter_plugin_android_lifecycle at C:\Users\Owner\AppData\Local\Pub\Cache\hosted\pub.dev\flutter_plugin_android_lifecycle-2.0.29\
[   +9 ms] Found plugin flutter_secure_storage at C:\Users\Owner\AppData\Local\Pub\Cache\hosted\pub.dev\flutter_secure_storage-9.2.4\
[   +3 ms] Found plugin flutter_secure_storage_linux at C:\Users\Owner\AppData\Local\Pub\Cache\hosted\pub.dev\flutter_secure_storage_linux-1.2.3\
[   +3 ms] Found plugin flutter_secure_storage_macos at C:\Users\Owner\AppData\Local\Pub\Cache\hosted\pub.dev\flutter_secure_storage_macos-3.1.3\
[   +6 ms] Found plugin flutter_secure_storage_web at C:\Users\Owner\AppData\Local\Pub\Cache\hosted\pub.dev\flutter_secure_storage_web-1.2.1\
[   +5 ms] Found plugin flutter_secure_storage_windows at C:\Users\Owner\AppData\Local\Pub\Cache\hosted\pub.dev\flutter_secure_storage_windows-3.1.2\
[  +52 ms] Found plugin local_auth at C:\Users\Owner\AppData\Local\Pub\Cache\hosted\pub.dev\local_auth-2.3.0\
[   +4 ms] Found plugin local_auth_android at C:\Users\Owner\AppData\Local\Pub\Cache\hosted\pub.dev\local_auth_android-1.0.51\
[   +3 ms] Found plugin local_auth_darwin at C:\Users\Owner\AppData\Local\Pub\Cache\hosted\pub.dev\local_auth_darwin-1.6.0\
[   +4 ms] Found plugin local_auth_windows at C:\Users\Owner\AppData\Local\Pub\Cache\hosted\pub.dev\local_auth_windows-1.0.11\
[  +17 ms] Found plugin path_provider at C:\Users\Owner\AppData\Local\Pub\Cache\hosted\pub.dev\path_provider-2.1.5\
[   +2 ms] Found plugin path_provider_android at C:\Users\Owner\AppData\Local\Pub\Cache\hosted\pub.dev\path_provider_android-2.2.17\
[   +2 ms] Found plugin path_provider_foundation at C:\Users\Owner\AppData\Local\Pub\Cache\hosted\pub.dev\path_provider_foundation-2.4.1\
[   +2 ms] Found plugin path_provider_linux at C:\Users\Owner\AppData\Local\Pub\Cache\hosted\pub.dev\path_provider_linux-2.2.1\
[   +5 ms] Found plugin path_provider_windows at C:\Users\Owner\AppData\Local\Pub\Cache\hosted\pub.dev\path_provider_windows-2.3.0\
[ +186 ms] Found plugin flutter_plugin_android_lifecycle at C:\Users\Owner\AppData\Local\Pub\Cache\hosted\pub.dev\flutter_plugin_android_lifecycle-2.0.29\
[   +5 ms] Found plugin flutter_secure_storage at C:\Users\Owner\AppData\Local\Pub\Cache\hosted\pub.dev\flutter_secure_storage-9.2.4\
[   +3 ms] Found plugin flutter_secure_storage_linux at C:\Users\Owner\AppData\Local\Pub\Cache\hosted\pub.dev\flutter_secure_storage_linux-1.2.3\
[   +2 ms] Found plugin flutter_secure_storage_macos at C:\Users\Owner\AppData\Local\Pub\Cache\hosted\pub.dev\flutter_secure_storage_macos-3.1.3\
[   +3 ms] Found plugin flutter_secure_storage_web at C:\Users\Owner\AppData\Local\Pub\Cache\hosted\pub.dev\flutter_secure_storage_web-1.2.1\
[   +2 ms] Found plugin flutter_secure_storage_windows at C:\Users\Owner\AppData\Local\Pub\Cache\hosted\pub.dev\flutter_secure_storage_windows-3.1.2\
[  +29 ms] Found plugin local_auth at C:\Users\Owner\AppData\Local\Pub\Cache\hosted\pub.dev\local_auth-2.3.0\
[   +2 ms] Found plugin local_auth_android at C:\Users\Owner\AppData\Local\Pub\Cache\hosted\pub.dev\local_auth_android-1.0.51\
[   +1 ms] Found plugin local_auth_darwin at C:\Users\Owner\AppData\Local\Pub\Cache\hosted\pub.dev\local_auth_darwin-1.6.0\
[   +3 ms] Found plugin local_auth_windows at C:\Users\Owner\AppData\Local\Pub\Cache\hosted\pub.dev\local_auth_windows-1.0.11\
[  +12 ms] Found plugin path_provider at C:\Users\Owner\AppData\Local\Pub\Cache\hosted\pub.dev\path_provider-2.1.5\
[   +2 ms] Found plugin path_provider_android at C:\Users\Owner\AppData\Local\Pub\Cache\hosted\pub.dev\path_provider_android-2.2.17\
[   +2 ms] Found plugin path_provider_foundation at C:\Users\Owner\AppData\Local\Pub\Cache\hosted\pub.dev\path_provider_foundation-2.4.1\
[   +2 ms] Found plugin path_provider_linux at C:\Users\Owner\AppData\Local\Pub\Cache\hosted\pub.dev\path_provider_linux-2.2.1\
[   +3 ms] Found plugin path_provider_windows at C:\Users\Owner\AppData\Local\Pub\Cache\hosted\pub.dev\path_provider_windows-2.3.0\
[ +116 ms] Found plugin flutter_plugin_android_lifecycle at C:\Users\Owner\AppData\Local\Pub\Cache\hosted\pub.dev\flutter_plugin_android_lifecycle-2.0.29\
[   +3 ms] Found plugin flutter_secure_storage at C:\Users\Owner\AppData\Local\Pub\Cache\hosted\pub.dev\flutter_secure_storage-9.2.4\
[   +1 ms] Found plugin flutter_secure_storage_linux at C:\Users\Owner\AppData\Local\Pub\Cache\hosted\pub.dev\flutter_secure_storage_linux-1.2.3\
[   +2 ms] Found plugin flutter_secure_storage_macos at C:\Users\Owner\AppData\Local\Pub\Cache\hosted\pub.dev\flutter_secure_storage_macos-3.1.3\
[   +3 ms] Found plugin flutter_secure_storage_web at C:\Users\Owner\AppData\Local\Pub\Cache\hosted\pub.dev\flutter_secure_storage_web-1.2.1\
[   +1 ms] Found plugin flutter_secure_storage_windows at C:\Users\Owner\AppData\Local\Pub\Cache\hosted\pub.dev\flutter_secure_storage_windows-3.1.2\
[  +23 ms] Found plugin local_auth at C:\Users\Owner\AppData\Local\Pub\Cache\hosted\pub.dev\local_auth-2.3.0\
[   +1 ms] Found plugin local_auth_android at C:\Users\Owner\AppData\Local\Pub\Cache\hosted\pub.dev\local_auth_android-1.0.51\
[   +1 ms] Found plugin local_auth_darwin at C:\Users\Owner\AppData\Local\Pub\Cache\hosted\pub.dev\local_auth_darwin-1.6.0\
[   +3 ms] Found plugin local_auth_windows at C:\Users\Owner\AppData\Local\Pub\Cache\hosted\pub.dev\local_auth_windows-1.0.11\
[  +15 ms] Found plugin path_provider at C:\Users\Owner\AppData\Local\Pub\Cache\hosted\pub.dev\path_provider-2.1.5\
[   +2 ms] Found plugin path_provider_android at C:\Users\Owner\AppData\Local\Pub\Cache\hosted\pub.dev\path_provider_android-2.2.17\
[   +2 ms] Found plugin path_provider_foundation at C:\Users\Owner\AppData\Local\Pub\Cache\hosted\pub.dev\path_provider_foundation-2.4.1\
[   +1 ms] Found plugin path_provider_linux at C:\Users\Owner\AppData\Local\Pub\Cache\hosted\pub.dev\path_provider_linux-2.2.1\
[   +4 ms] Found plugin path_provider_windows at C:\Users\Owner\AppData\Local\Pub\Cache\hosted\pub.dev\path_provider_windows-2.3.0\
[  +59 ms] Generating C:\Users\Owner\Desktop\DEV\flutter_proj\password_manager\android\app\src\main\java\io\flutter\plugins\GeneratedPluginRegistrant.java
[ +358 ms] No packages with native assets. Skipping native assets compilation.
[   +3 ms] Initializing file store
[  +10 ms] Skipping target: gen_localizations
[   +5 ms] gen_dart_plugin_registrant: Starting due to {InvalidatedReasonKind.inputChanged: The following inputs have updated contents: C:\Users\Owner\Desktop\DEV\flutter_proj\password_manager\.dart_tool\package_config_subset}
[ +124 ms] Found plugin flutter_plugin_android_lifecycle at C:\Users\Owner\AppData\Local\Pub\Cache\hosted\pub.dev\flutter_plugin_android_lifecycle-2.0.29\
[   +4 ms] Found plugin flutter_secure_storage at C:\Users\Owner\AppData\Local\Pub\Cache\hosted\pub.dev\flutter_secure_storage-9.2.4\
[   +1 ms] Found plugin flutter_secure_storage_linux at C:\Users\Owner\AppData\Local\Pub\Cache\hosted\pub.dev\flutter_secure_storage_linux-1.2.3\
[   +1 ms] Found plugin flutter_secure_storage_macos at C:\Users\Owner\AppData\Local\Pub\Cache\hosted\pub.dev\flutter_secure_storage_macos-3.1.3\
[   +3 ms] Found plugin flutter_secure_storage_web at C:\Users\Owner\AppData\Local\Pub\Cache\hosted\pub.dev\flutter_secure_storage_web-1.2.1\
[   +1 ms] Found plugin flutter_secure_storage_windows at C:\Users\Owner\AppData\Local\Pub\Cache\hosted\pub.dev\flutter_secure_storage_windows-3.1.2\
[  +54 ms] Found plugin local_auth at C:\Users\Owner\AppData\Local\Pub\Cache\hosted\pub.dev\local_auth-2.3.0\
[   +2 ms] Found plugin local_auth_android at C:\Users\Owner\AppData\Local\Pub\Cache\hosted\pub.dev\local_auth_android-1.0.51\
[   +1 ms] Found plugin local_auth_darwin at C:\Users\Owner\AppData\Local\Pub\Cache\hosted\pub.dev\local_auth_darwin-1.6.0\
[   +3 ms] Found plugin local_auth_windows at C:\Users\Owner\AppData\Local\Pub\Cache\hosted\pub.dev\local_auth_windows-1.0.11\
[  +11 ms] Found plugin path_provider at C:\Users\Owner\AppData\Local\Pub\Cache\hosted\pub.dev\path_provider-2.1.5\
[   +1 ms] Found plugin path_provider_android at C:\Users\Owner\AppData\Local\Pub\Cache\hosted\pub.dev\path_provider_android-2.2.17\
[   +1 ms] Found plugin path_provider_foundation at C:\Users\Owner\AppData\Local\Pub\Cache\hosted\pub.dev\path_provider_foundation-2.4.1\
[   +1 ms] Found plugin path_provider_linux at C:\Users\Owner\AppData\Local\Pub\Cache\hosted\pub.dev\path_provider_linux-2.2.1\
[   +2 ms] Found plugin path_provider_windows at C:\Users\Owner\AppData\Local\Pub\Cache\hosted\pub.dev\path_provider_windows-2.3.0\
[  +52 ms] gen_dart_plugin_registrant: Complete
[   +2 ms] Skipping target: _composite
[   +2 ms] complete
[   +6 ms] Launching lib\main.dart on Windows in debug mode...
[   +5 ms] E:\flutter\bin\cache\dart-sdk\bin\dartaotruntime.exe E:\flutter\bin\cache\dart-sdk\bin\snapshots\frontend_server_aot.dart.snapshot --sdk-root E:\flutter\bin\cache\artifacts\engine\common\flutter_patched_sdk/ --incremental --target=flutter --experimental-emit-debug-metadata --output-dill C:\Users\Owner\AppData\Local\Temp\flutter_tools.1af9289a\flutter_tool.e40474d4\app.dill --packages C:\Users\Owner\Desktop\DEV\flutter_proj\password_manager\.dart_tool\package_config.json -Ddart.vm.profile=false -Ddart.vm.product=false --enable-asserts --track-widget-creation --filesystem-scheme org-dartlang-root --initialize-from-dill build\cache.dill.track.dill --source file:///C:/Users/Owner/Desktop/DEV/flutter_proj/password_manager/.dart_tool/flutter_build/dart_plugin_registrant.dart --source package:flutter/src/dart_plugin_registrant.dart -Dflutter.dart_plugin_registrant=file:///C:/Users/Owner/Desktop/DEV/flutter_proj/password_manager/.dart_tool/flutter_build/dart_plugin_registrant.dart --verbosity=error --enable-experiment=alternative-invalidation-strategy
[  +30 ms] executing: C:\Program Files (x86)\Microsoft Visual Studio\Installer\vswhere.exe -format json -products * -utf8 -latest -version 16 -requires Microsoft.VisualStudio.Workload.NativeDesktop Microsoft.VisualStudio.Component.VC.Tools.x86.x64 Microsoft.VisualStudio.Component.VC.CMake.Project
[  +57 ms] Exit code 0 from: C:\Program Files (x86)\Microsoft Visual Studio\Installer\vswhere.exe -format json -products * -utf8 -latest -version 16 -requires Microsoft.VisualStudio.Workload.NativeDesktop Microsoft.VisualStudio.Component.VC.Tools.x86.x64 Microsoft.VisualStudio.Component.VC.CMake.Project
[        ] []
[   +1 ms] executing: C:\Program Files (x86)\Microsoft Visual Studio\Installer\vswhere.exe -format json -products * -utf8 -latest -version 16 -requires Microsoft.VisualStudio.Workload.VCTools Microsoft.VisualStudio.Component.VC.Tools.x86.x64 Microsoft.VisualStudio.Component.VC.CMake.Project
[  +59 ms] Exit code 0 from: C:\Program Files (x86)\Microsoft Visual Studio\Installer\vswhere.exe -format json -products * -utf8 -latest -version 16 -requires Microsoft.VisualStudio.Workload.VCTools Microsoft.VisualStudio.Component.VC.Tools.x86.x64 Microsoft.VisualStudio.Component.VC.CMake.Project
[        ] [
             {
               "instanceId": "8e76f450",
               "installDate": "2021-05-22T15:48:43Z",
               "installationName": "VisualStudio/16.11.45+35826.135",
               "installationPath": "C:\\Program Files (x86)\\Microsoft Visual Studio\\2019\\BuildTools",
               "installationVersion": "16.11.35826.135",
               "productId": "Microsoft.VisualStudio.Product.BuildTools",
               "productPath": "C:\\Program Files (x86)\\Microsoft Visual Studio\\2019\\BuildTools\\Common7\\Tools\\LaunchDevCmd.bat",
               "state": 4294967295,
               "isComplete": true,
               "isLaunchable": true,
               "isPrerelease": false,
               "isRebootRequired": false,
               "displayName": "Visual Studio Build Tools 2019",
               "description": "The Visual Studio Build Tools allows you to build native and managed MSBuild-based applications without requiring the Visual Studio IDE. There are options to install the Visual C++ compilers and libraries, MFC, ATL, and C++/CLI support.",
               "channelId": "VisualStudio.16.Release",
               "channelUri": "https://aka.ms/vs/16/release/channel",
               "enginePath": "C:\\Program Files (x86)\\Microsoft Visual Studio\\Installer\\resources\\app\\ServiceHub\\Services\\Microsoft.VisualStudio.Setup.Service",
               "installedChannelId": "VisualStudio.16.Release",
               "installedChannelUri": "https://aka.ms/vs/16/release/channel",
               "releaseNotes": "https://docs.microsoft.com/en-us/visualstudio/releases/2019/release-notes-v16.11#16.11.45",
               "resolvedInstallationPath": "C:\\Program Files (x86)\\Microsoft Visual Studio\\2019\\BuildTools",
               "thirdPartyNotices": "https://go.microsoft.com/fwlink/?LinkId=660909",
               "updateDate": "2025-03-28T12:22:49.2989818Z",
               "catalog": {
                 "buildBranch": "d16.11",
                 "buildVersion": "16.11.35826.135",
                 "id": "VisualStudio/16.11.45+35826.135",
                 "localBuild": "build-lab",
                 "manifestName": "VisualStudio",
                 "manifestType": "installer",
                 "productDisplayVersion": "16.11.45",
                 "productLine": "Dev16",
                 "productLineVersion": "2019",
                 "productMilestone": "RTW",
                 "productMilestoneIsPreRelease": "False",
                 "productName": "Visual Studio",
                 "productPatchVersion": "45",
                 "productPreReleaseMilestoneSuffix": "1.0",
                 "productSemanticVersion": "16.11.45+35826.135",
                 "requiredEngineVersion": "2.11.72.18200"
               },
               "properties": {
                 "campaignId": "",
                 "channelManifestId": "VisualStudio.16.Release/16.11.45+35826.135",
                 "nickname": "",
                 "setupEngineFilePath": "C:\\Program Files (x86)\\Microsoft Visual Studio\\Installer\\setup.exe"
               }
             }
           ]
[   +4 ms] Building Windows application...
[  +12 ms] <- compile package:password_manager/main.dart
[   +1 ms] executing: C:\Program Files (x86)\Microsoft Visual Studio\2019\BuildTools\Common7\IDE\CommonExtensions\Microsoft\CMake\CMake\bin\cmake.exe -S C:\Users\Owner\Desktop\DEV\flutter_proj\password_manager\windows -B C:\Users\Owner\Desktop\DEV\flutter_proj\password_manager\build\windows\x64 -G Visual Studio 16 2019 -A x64 -DFLUTTER_TARGET_PLATFORM=windows-x64
[  +74 ms] -- Selecting Windows SDK version 10.0.19041.0 to target Windows 10.0.26100.
flutter : [ +103 ms] 
Nuget.exe not found, trying 
to download or use cached 
version.
At line:1 char:1
+ flutter run -d windows -v 
> build_output.txt 2>&1
+ ~~~~~~~~~~~~~~~~~~~~~~~~~~
~~~~~~~~~~~~~~~~~~~~~~~
    + CategoryInfo          
    : NotSpecified: ([ +10  
  3 ms] Nuge...cached ver   
 sion.:String) [], Remot    
eException
    + FullyQualifiedErrorId 
    : NativeCommandError
 
[+2462 ms] Feeds used:
[  +60 ms] Argument cannot 
be null or empty
[        ] Parameter name: 
primarySources
[  +32 ms] CMake Error at fl
utter/ephemeral/.plugin_syml
inks/local_auth_windows/wind
ows/CMakeLists.txt:29 
(message):
[        ]   Failed to 
install nuget package
[        ]   Microsoft.Windo
ws.ImplementationLibrary.1.0
.220201.1
[        ] -- Configuring incomplete, errors occurred!
[        ] See also "C:/Users/Owner/Desktop/DEV/flutter_proj/password_manager/build/windows/x64/CMakeFiles/CMakeOutput.log".
[  +66 ms] Building Windows application... (completed in 2,801ms)
[+14175 ms] Error: Unable 
to generate build files
[  +55 ms] "flutter run" took 18,832ms.
[ +161 ms] 
           #0      
throwToolExit (package:flutt
er_tools/src/base/common.dar
t:10:3)
           #1      
RunCommand.runCommand (packa
ge:flutter_tools/src/command
s/run.dart:860:9)
           <asynchronous 
suspension>
           #2      FlutterCo
mmand.run.<anonymous 
closure> (package:flutter_to
ols/src/runner/flutter_comma
nd.dart:1450:27)
           <asynchronous 
suspension>
           #3      
AppContext.run.<anonymous 
closure> (package:flutter_to
ols/src/base/context.dart:15
3:19)
           <asynchronous 
suspension>
           #4      
CommandRunner.runCommand (pa
ckage:args/command_runner.da
rt:212:13)
           <asynchronous 
suspension>
           #5      FlutterCo
mmandRunner.runCommand.<anon
ymous closure> (package:flut
ter_tools/src/runner/flutter
_command_runner.dart:421:9)
           <asynchronous 
suspension>
           #6      
AppContext.run.<anonymous 
closure> (package:flutter_to
ols/src/base/context.dart:15
3:19)
           <asynchronous 
suspension>
           #7      FlutterCo
mmandRunner.runCommand (pack
age:flutter_tools/src/runner
/flutter_command_runner.dart
:364:5)
           <asynchronous 
suspension>
           #8      
run.<anonymous 
closure>.<anonymous 
closure> (package:flutter_to
ols/runner.dart:131:9)
           <asynchronous 
suspension>
           #9      
AppContext.run.<anonymous 
closure> (package:flutter_to
ols/src/base/context.dart:15
3:19)
           <asynchronous 
suspension>
           #10     main (pac
kage:flutter_tools/executabl
e.dart:94:3)
           <asynchronous 
suspension>


[ +238 ms] ensureAnalyticsSent: 234ms
[        ] Running 2 shutdown hooks
[  +20 ms] Shutdown hooks complete
[  +67 ms] exiting with code 1
